<html>
<body>
<pre>
<h1>µVision Build Log</h1>
<h2>Tool Versions:</h2>
IDE-Version: ¦ÌVision V5.29.0.0
Copyright (C) 2019 ARM Ltd and ARM Germany GmbH. All rights reserved.
License Information: 1 1, 1, LIC=SDA0P-MZ2TV-NNSAF-6N9CP-E9BMA-I6GD1
 
Tool Versions:
Toolchain:       MDK-ARM Plus  Version: 5.35.0.2
Toolchain Path:  D:\keil5\core\ARM\ARMCC\Bin
C Compiler:      Armcc.exe V5.06 update 7 (build 960)
Assembler:       Armasm.exe V5.06 update 7 (build 960)
Linker/Locator:  ArmLink.exe V5.06 update 7 (build 960)
Library Manager: ArmAr.exe V5.06 update 7 (build 960)
Hex Converter:   FromElf.exe V5.06 update 7 (build 960)
CPU DLL:         SARMCM3.DLL V5.35.0.2
Dialog DLL:      DCM.DLL V1.17.3.0
Target DLL:      STLink\ST-LINKIII-KEIL_SWO.dll V3.0.9.0
Dialog DLL:      TCM.DLL V1.53.0.0
 
<h2>Project:</h2>
D:\changku\modefine_control\MDK-ARM\Controller.uvprojx
Project File Date:  10/05/2024

<h2>Output:</h2>
*** Using Compiler 'V5.06 update 7 (build 960)', folder: 'D:\keil5\core\ARM\ARMCC\Bin'
Rebuild target 'Controller'
assembling startup_stm32f407xx.s...
compiling gpio.c...
compiling stm32f4xx_hal_timebase_tim.c...
compiling stm32f4xx_hal_msp.c...
compiling stm32f4xx_hal_rcc_ex.c...
compiling stm32f4xx_hal_flash.c...
compiling usart.c...
compiling can.c...
compiling stm32f4xx_it.c...
compiling main.c...
compiling freertos.c...
compiling stm32f4xx_hal_rcc.c...
compiling stm32f4xx_hal_can.c...
compiling stm32f4xx_hal_dma_ex.c...
compiling stm32f4xx_hal_cortex.c...
compiling stm32f4xx_hal_pwr_ex.c...
compiling stm32f4xx_hal_flash_ramfunc.c...
compiling stm32f4xx_hal_dma.c...
compiling stm32f4xx_hal_flash_ex.c...
compiling stm32f4xx_hal_exti.c...
compiling stm32f4xx_hal_tim_ex.c...
compiling stm32f4xx_hal_gpio.c...
compiling croutine.c...
compiling stm32f4xx_hal.c...
compiling stm32f4xx_hal_pwr.c...
compiling event_groups.c...
compiling list.c...
compiling timers.c...
compiling stream_buffer.c...
compiling queue.c...
compiling heap_4.c...
compiling tasks.c...
compiling port.c...
compiling cmsis_os.c...
compiling stm32f4xx_hal_tim.c...
compiling CRC8_CRC16.c...
compiling bsp_can.c...
compiling system_stm32f4xx.c...
compiling angleget.cpp...
compiling arm.cpp...
compiling AngleGetTask.c...
..\User\Tasks\Src\AngleGetTask.c(31): warning:  #1-D: last line of file ends without a newline
   
..\User\Tasks\Src\AngleGetTask.c: 1 warning, 0 errors
compiling communicate.cpp...
compiling stm32f4xx_hal_uart.c...
compiling Can_receive.cpp...
compiling senddatatask.c...
..\User\Tasks\Src\senddatatask.c(25): warning:  #177-D: variable "ch"  was declared but never referenced
      uint8_t ch = '\n';
..\User\Tasks\Src\senddatatask.c(70): warning:  #177-D: variable "i"  was declared but never referenced
      uint8_t i;
..\User\Tasks\Src\senddatatask.c(50): warning:  #177-D: function "Data_Concatenation"  was declared but never referenced
  static void Data_Concatenation(uint8_t *data, uint16_t data_lenth)
..\User\Tasks\Src\senddatatask.c: 3 warnings, 0 errors
linking...
Program Size: Code=16668 RO-data=536 RW-data=148 ZI-data=18116  
FromELF: creating hex file...
"Controller\Controller.axf" - 0 Error(s), 4 Warning(s).

<h2>Software Packages used:</h2>

Package Vendor: ARM
                http://www.keil.com/pack/ARM.CMSIS.5.8.0.pack
                ARM.CMSIS.5.8.0
                CMSIS (Common Microcontroller Software Interface Standard)
   * Component: CORE Version: 5.5.0

Package Vendor: Keil
                https://www.keil.com/pack/Keil.STM32F4xx_DFP.2.17.1.pack
                Keil.STM32F4xx_DFP.2.17.1
                STMicroelectronics STM32F4 Series Device Support, Drivers and Examples

<h2>Collection of Component include folders:</h2>
  .\RTE\_Controller
  D:\keil5\package\ARM\CMSIS\5.8.0\CMSIS\Core\Include
  D:\keil5\package\Keil\STM32F4xx_DFP\2.17.1\Drivers\CMSIS\Device\ST\STM32F4xx\Include

<h2>Collection of Component Files used:</h2>

   * Component: ARM::CMSIS:CORE:5.5.0
      Include file:  CMSIS\Core\Include\tz_context.h
Build Time Elapsed:  00:00:11
</pre>
</body>
</html>
